[digxbit.xyz/index.html]
[backblue.gif]
[fade.gif]
[index.html]
[digxbit.xyz/styles.css]
[cdnjs.cloudflare.com/ajax/libs/jquery/3.2.1/jquery.min.js]
[cdnjs.cloudflare.com/ajax/libs/jstimezonedetect/1.0.6/jstz.min.js]
[digxbit.xyz/GET]
[digxbit.xyz/img/photo16347166994964892993ccb45.jpg]
[cdnjs.cloudflare.com/ajax/libs/jquery-mobile/1.4.5/jquery.mobile.min.js]
[digxbit.xyz/themelist0.html]
[digxbit.xyz/img/photo1724754609244cfd33d1dfaa4.jpg]
[digxbit.xyz/img/photo172850311797234b6f67f60af.jpg]
[digxbit.xyz/img/photo14508978891378a0b15a4c945.jpg]
[digxbit.xyz/img/photo1517055729445fa7d27394b48.jpg]
[digxbit.xyz/img/photo1632327536020bb18937415dc.jpg]
[digxbit.xyz/img/photo1646367907840d2cd763e4614.jpg]
[digxbit.xyz/img/photo16856602515897451fbe5a293.jpg]
[digxbit.xyz/img/photo15216619784585a2bec6b6e09.jpg]
[digxbit.xyz/img/photo150738381806899a47c9aa03c.jpg]
[digxbit.xyz/themelist1.html]
[digxbit.xyz/index-2.html]
[digxbit.xyz/img/photo150062732108919f8ec7b3038.jpg]
[digxbit.xyz/themelist2.html]
[digxbit.xyz/img/photo1554774853b415df9eeb92.jpg]
[digxbit.xyz/themelist3.html]
[digxbit.xyz/img/photo162674593138245d780f1bd98.jpg]
[digxbit.xyz/themelist4.html]
[digxbit.xyz/img/photo1650923500748eee80ee6e7d1.jpg]
[digxbit.xyz/themelist5.html]
[digxbit.xyz/img/photo1692935794713a0f9304749a5.jpg]
[digxbit.xyz/themelist6.html]
[digxbit.xyz/img/photo17265921398318c9208590372.jpg]
[digxbit.xyz/themelist7.html]
[digxbit.xyz/privacy_policy.html]
[digxbit.xyz/terms_of_use.html]
[digxbit.xyz/index.html]
[digxbit.xyz/styles.css]
[digxbit.xyz/GET.html]
[digxbit.xyz/themelist0.html]
[digxbit.xyz/themelist1.html]
[digxbit.xyz/index-2.html]
[digxbit.xyz/themelist2.html]
[digxbit.xyz/themelist3.html]
[digxbit.xyz/themelist4.html]
[digxbit.xyz/themelist5.html]
[digxbit.xyz/themelist6.html]
[digxbit.xyz/themelist7.html]
[digxbit.xyz/privacy_policy.html]
[digxbit.xyz/terms_of_use.html]
[digxbit.xyz/cookie_policy.html]
[digxbit.xyz/cookie_policy.html]
